// Jest Snapshot v1, https://goo.gl/fbAQLP

exports[`Quiz should match snapshot 1`] = `
Object {
  "asFragment": [Function],
  "baseElement": <body>
    <div>
      <div
        class="css-dvxtzn"
      >
        <h1>
          Quiz App
        </h1>
        <div>
          <div>
            <h2>
              What is the capital of France?
            </h2>
            <ul>
              <div>
                <label>
                  <input
                    id="0"
                    name="New York"
                    type="checkbox"
                    value="New York"
                  />
                  New York
                </label>
              </div>
              <div>
                <label>
                  <input
                    id="1"
                    name="London"
                    type="checkbox"
                    value="London"
                  />
                  London
                </label>
              </div>
              <div>
                <label>
                  <input
                    id="2"
                    name="Paris"
                    type="checkbox"
                    value="Paris"
                  />
                  Paris
                </label>
              </div>
              <div>
                <label>
                  <input
                    id="3"
                    name="Dublin"
                    type="checkbox"
                    value="Dublin"
                  />
                  Dublin
                </label>
              </div>
            </ul>
          </div>
          <div
            class="css-1603fsx"
          >
            <button
              disabled=""
            >
              Next
            </button>
          </div>
        </div>
      </div>
    </div>
  </body>,
  "container": <div>
    <div
      class="css-dvxtzn"
    >
      <h1>
        Quiz App
      </h1>
      <div>
        <div>
          <h2>
            What is the capital of France?
          </h2>
          <ul>
            <div>
              <label>
                <input
                  id="0"
                  name="New York"
                  type="checkbox"
                  value="New York"
                />
                New York
              </label>
            </div>
            <div>
              <label>
                <input
                  id="1"
                  name="London"
                  type="checkbox"
                  value="London"
                />
                London
              </label>
            </div>
            <div>
              <label>
                <input
                  id="2"
                  name="Paris"
                  type="checkbox"
                  value="Paris"
                />
                Paris
              </label>
            </div>
            <div>
              <label>
                <input
                  id="3"
                  name="Dublin"
                  type="checkbox"
                  value="Dublin"
                />
                Dublin
              </label>
            </div>
          </ul>
        </div>
        <div
          class="css-1603fsx"
        >
          <button
            disabled=""
          >
            Next
          </button>
        </div>
      </div>
    </div>
  </div>,
  "debug": [Function],
  "findAllByAltText": [Function],
  "findAllByDisplayValue": [Function],
  "findAllByLabelText": [Function],
  "findAllByPlaceholderText": [Function],
  "findAllByRole": [Function],
  "findAllByTestId": [Function],
  "findAllByText": [Function],
  "findAllByTitle": [Function],
  "findByAltText": [Function],
  "findByDisplayValue": [Function],
  "findByLabelText": [Function],
  "findByPlaceholderText": [Function],
  "findByRole": [Function],
  "findByTestId": [Function],
  "findByText": [Function],
  "findByTitle": [Function],
  "getAllByAltText": [Function],
  "getAllByDisplayValue": [Function],
  "getAllByLabelText": [Function],
  "getAllByPlaceholderText": [Function],
  "getAllByRole": [Function],
  "getAllByTestId": [Function],
  "getAllByText": [Function],
  "getAllByTitle": [Function],
  "getByAltText": [Function],
  "getByDisplayValue": [Function],
  "getByLabelText": [Function],
  "getByPlaceholderText": [Function],
  "getByRole": [Function],
  "getByTestId": [Function],
  "getByText": [Function],
  "getByTitle": [Function],
  "queryAllByAltText": [Function],
  "queryAllByDisplayValue": [Function],
  "queryAllByLabelText": [Function],
  "queryAllByPlaceholderText": [Function],
  "queryAllByRole": [Function],
  "queryAllByTestId": [Function],
  "queryAllByText": [Function],
  "queryAllByTitle": [Function],
  "queryByAltText": [Function],
  "queryByDisplayValue": [Function],
  "queryByLabelText": [Function],
  "queryByPlaceholderText": [Function],
  "queryByRole": [Function],
  "queryByTestId": [Function],
  "queryByText": [Function],
  "queryByTitle": [Function],
  "rerender": [Function],
  "unmount": [Function],
}
`;
